[demo.coderseden.com/repono-html/index.html]
[backblue.gif]
[fade.gif]
[index.html]
[demo.coderseden.com/repono-html/images/favicon/apple-touch-icon-57x57.png]
[demo.coderseden.com/repono-html/images/favicon/apple-touch-icon-114x114.png]
[demo.coderseden.com/repono-html/images/favicon/apple-touch-icon-72x72.png]
[demo.coderseden.com/repono-html/images/favicon/apple-touch-icon-144x144.png]
[demo.coderseden.com/repono-html/images/favicon/apple-touch-icon-60x60.png]
[demo.coderseden.com/repono-html/images/favicon/apple-touch-icon-120x120.png]
[demo.coderseden.com/repono-html/images/favicon/apple-touch-icon-76x76.png]
[demo.coderseden.com/repono-html/images/favicon/apple-touch-icon-152x152.png]
[demo.coderseden.com/repono-html/images/favicon/favicon-196x196.png]
[demo.coderseden.com/repono-html/images/favicon/favicon-96x96.png]
[demo.coderseden.com/repono-html/images/favicon/favicon-32x32.png]
[demo.coderseden.com/repono-html/images/favicon/favicon-16x16.png]
[demo.coderseden.com/repono-html/images/favicon/favicon-128.png]
[demo.coderseden.com/repono-html/images/favicon/mstile-144x144.png]
[demo.coderseden.com/repono-html/images/favicon/mstile-70x70.png]
[demo.coderseden.com/repono-html/images/favicon/mstile-150x150.png]
[demo.coderseden.com/repono-html/images/favicon/mstile-310x150.png]
[demo.coderseden.com/repono-html/images/favicon/mstile-310x310.png]
[demo.coderseden.com/repono-html/vendor/bootstrap/css/bootstrap.min.css]
[demo.coderseden.com/repono-html/vendor/font-awesome/css/all.css]
[demo.coderseden.com/repono-html/vendor/flags2/flag-css.css]
[demo.coderseden.com/repono-html/vendor/slick/slick.css]
[demo.coderseden.com/repono-html/vendor/select2/dist/css/select2.min.css]
[demo.coderseden.com/repono-html/vendor/ekko-lightbox/ekko-lightbox.css]
[demo.coderseden.com/repono-html/css/style.css]
[demo.coderseden.com/repono-html/index-2.html]
[demo.coderseden.com/repono-html/images/logo.png]
[demo.coderseden.com/repono-html/index2.html]
[demo.coderseden.com/repono-html/index-empty.html]
[demo.coderseden.com/repono-html/view-listing.html]
[demo.coderseden.com/repono-html/view-profile.html]
[demo.coderseden.com/repono-html/view-store.html]
[demo.coderseden.com/repono-html/view-store-v2.html]
[demo.coderseden.com/repono-html/post.html]
[demo.coderseden.com/repono-html/category-list.html]
[demo.coderseden.com/repono-html/category-list-2.html]
[demo.coderseden.com/repono-html/category-map.html]
[demo.coderseden.com/repono-html/blog-grid.html]
[demo.coderseden.com/repono-html/blog-article.html]
[demo.coderseden.com/repono-html/packages.html]
[demo.coderseden.com/repono-html/pricing.html]
[demo.coderseden.com/repono-html/my-account-my-listing.html]
[demo.coderseden.com/repono-html/my-account-info.html]
[demo.coderseden.com/repono-html/my-account-favorites.html]
[demo.coderseden.com/repono-html/my-account-inbox.html]
[demo.coderseden.com/repono-html/my-account-conversation.html]
[demo.coderseden.com/repono-html/my-account-invoice.html]
[demo.coderseden.com/repono-html/my-account-invoice-empty.html]
[demo.coderseden.com/repono-html/my-account-store.html]
[demo.coderseden.com/repono-html/simple-page.html]
[demo.coderseden.com/repono-html/sign-in.html]
[demo.coderseden.com/repono-html/sign-up.html]
[demo.coderseden.com/repono-html/forgot-password.html]
[demo.coderseden.com/repono-html/thank-you.html]
[demo.coderseden.com/repono-html/404.html]
[demo.coderseden.com/repono-html/contact.html]
[demo.coderseden.com/repono-html/contact-v2.html]
[demo.coderseden.com/repono-html/contact-v3.html]
[demo.coderseden.com/repono-html/images/home/1920x1010_home-1.jpg]
[demo.coderseden.com/repono-html/images/home/1920x1010_home-2.jpg]
[demo.coderseden.com/repono-html/images/products/1000X675_vespa.jpg]
[demo.coderseden.com/repono-html/images/products/1000X675_samsung.jpg]
[demo.coderseden.com/repono-html/images/products/1000X675_vacation.jpg]
[demo.coderseden.com/repono-html/images/products/1000X675_laptop.jpg]
[demo.coderseden.com/repono-html/images/products/1000X675_iphone.jpg]
[demo.coderseden.com/repono-html/images/products/1000X675_nikon.jpg]
[demo.coderseden.com/repono-html/images/products/1000X675_house.jpg]
[demo.coderseden.com/repono-html/images/products/1000X675_pants.jpg]
[demo.coderseden.com/repono-html/images/stores/500X500_abc.jpg]
[demo.coderseden.com/repono-html/images/stores/500X500_apple.jpg]
[demo.coderseden.com/repono-html/images/stores/500X500_business.jpg]
[demo.coderseden.com/repono-html/images/stores/500X500_jaguar.jpg]
[demo.coderseden.com/repono-html/images/products/1000X675_accessories.jpg]
[demo.coderseden.com/repono-html/images/products/1000X675_bag.jpg]
[demo.coderseden.com/repono-html/images/products/1000X675_bmw.jpg]
[demo.coderseden.com/repono-html/images/products/1000X675_boots.jpg]
[demo.coderseden.com/repono-html/images/products/1000X675_converse.jpg]
[demo.coderseden.com/repono-html/images/products/1000X675_vespa-2.jpg]
[demo.coderseden.com/repono-html/images/reviews/500X500_review-1.jpg]
[demo.coderseden.com/repono-html/images/reviews/500X500_review-2.jpg]
[demo.coderseden.com/repono-html/images/reviews/500X500_review-3.jpg]
[demo.coderseden.com/repono-html/images/reviews/500X500_review-4.jpg]
[demo.coderseden.com/repono-html/images/blog/1000X675_article-1.jpg]
[demo.coderseden.com/repono-html/images/blog/1000X675_article-2.jpg]
[demo.coderseden.com/repono-html/images/blog/1000X675_article-3.jpg]
[demo.coderseden.com/repono-html/images/blog/1000X675_article-4.jpg]
[demo.coderseden.com/repono-html/images/logo-light.png]
[demo.coderseden.com/repono-html/vendor/jquery/jquery.min.js]
[demo.coderseden.com/repono-html/vendor/popper.min.js]
[demo.coderseden.com/repono-html/vendor/bootstrap/js/bootstrap.min.js]
[demo.coderseden.com/repono-html/vendor/slick/slick.js]
[demo.coderseden.com/repono-html/vendor/select2/dist/js/select2.min.js]
[demo.coderseden.com/repono-html/vendor/ekko-lightbox/ekko-lightbox.js]
[demo.coderseden.com/repono-html/index.html]
[www.googletagmanager.com/gtm5445.html]
[demo.coderseden.com/repono-html/vendor/bootstrap/css/bootstrap.min.css]
[demo.coderseden.com/repono-html/js/main.js]
[demo.coderseden.com/repono-html/vendor/font-awesome/webfonts/fa-brands-400.eot]
[demo.coderseden.com/repono-html/vendor/font-awesome/webfonts/fa-brands-400d41d.eot]
[demo.coderseden.com/repono-html/vendor/font-awesome/webfonts/fa-brands-400.woff2]
[demo.coderseden.com/repono-html/vendor/font-awesome/webfonts/fa-brands-400.woff]
[demo.coderseden.com/repono-html/vendor/font-awesome/webfonts/fa-brands-400.ttf]
[demo.coderseden.com/repono-html/vendor/font-awesome/webfonts/fa-regular-400.eot]
[demo.coderseden.com/repono-html/vendor/font-awesome/webfonts/fa-brands-400.svg]
[demo.coderseden.com/repono-html/vendor/font-awesome/webfonts/fa-regular-400d41d.eot]
[demo.coderseden.com/repono-html/vendor/font-awesome/webfonts/fa-regular-400.woff2]
[demo.coderseden.com/repono-html/vendor/font-awesome/webfonts/fa-regular-400.woff]
[demo.coderseden.com/repono-html/vendor/font-awesome/webfonts/fa-regular-400.ttf]
[demo.coderseden.com/repono-html/vendor/font-awesome/webfonts/fa-regular-400.svg]
[demo.coderseden.com/repono-html/vendor/font-awesome/webfonts/fa-solid-900.eot]
[demo.coderseden.com/repono-html/vendor/font-awesome/webfonts/fa-solid-900d41d.eot]
[demo.coderseden.com/repono-html/vendor/font-awesome/webfonts/fa-solid-900.woff2]
[demo.coderseden.com/repono-html/vendor/font-awesome/webfonts/fa-solid-900.woff]
[demo.coderseden.com/repono-html/vendor/font-awesome/webfonts/fa-solid-900.ttf]
[demo.coderseden.com/repono-html/vendor/font-awesome/css/all.css]
[demo.coderseden.com/repono-html/vendor/flags2/flags/png/abw.png]
[demo.coderseden.com/repono-html/vendor/font-awesome/webfonts/fa-solid-900.svg]
[demo.coderseden.com/repono-html/vendor/flags2/flags/abw.svg]
[demo.coderseden.com/repono-html/vendor/flags2/flags/png/afg.png]
[demo.coderseden.com/repono-html/vendor/flags2/flags/afg.svg]
[demo.coderseden.com/repono-html/vendor/flags2/flags/png/ago.png]
[demo.coderseden.com/repono-html/vendor/flags2/flags/ago.svg]
[demo.coderseden.com/repono-html/vendor/flags2/flags/png/aia.png]
[demo.coderseden.com/repono-html/vendor/flags2/flags/aia.svg]
[demo.coderseden.com/repono-html/vendor/flags2/flags/png/ala.png]
[demo.coderseden.com/repono-html/vendor/flags2/flags/ala.svg]
[demo.coderseden.com/repono-html/vendor/flags2/flags/png/alb.png]
[demo.coderseden.com/repono-html/vendor/flags2/flags/alb.svg]
[demo.coderseden.com/repono-html/vendor/flags2/flags/png/and.png]
[demo.coderseden.com/repono-html/vendor/flags2/flags/and.svg]
[demo.coderseden.com/repono-html/vendor/flags2/flags/png/are.png]
[demo.coderseden.com/repono-html/vendor/flags2/flags/are.svg]
[demo.coderseden.com/repono-html/vendor/flags2/flags/png/arg.png]
[demo.coderseden.com/repono-html/vendor/flags2/flags/arg.svg]
[demo.coderseden.com/repono-html/vendor/flags2/flags/png/arm.png]
[demo.coderseden.com/repono-html/vendor/flags2/flags/arm.svg]
[demo.coderseden.com/repono-html/vendor/flags2/flags/png/asm.png]
[demo.coderseden.com/repono-html/vendor/flags2/flags/asm.svg]
[demo.coderseden.com/repono-html/vendor/flags2/flags/png/ata.png]
[demo.coderseden.com/repono-html/vendor/flags2/flags/ata.svg]
[demo.coderseden.com/repono-html/vendor/flags2/flags/png/atf.png]
[demo.coderseden.com/repono-html/vendor/flags2/flags/atf.svg]
[demo.coderseden.com/repono-html/vendor/flags2/flags/png/atg.png]
[demo.coderseden.com/repono-html/vendor/flags2/flags/atg.svg]
[demo.coderseden.com/repono-html/vendor/flags2/flags/png/aus.png]
[demo.coderseden.com/repono-html/vendor/flags2/flags/aus.svg]
[demo.coderseden.com/repono-html/vendor/flags2/flags/png/aut.png]
[demo.coderseden.com/repono-html/vendor/flags2/flags/aut.svg]
[demo.coderseden.com/repono-html/vendor/flags2/flags/png/aze.png]
[demo.coderseden.com/repono-html/vendor/flags2/flags/aze.svg]
[demo.coderseden.com/repono-html/vendor/flags2/flags/png/bdi.png]
[demo.coderseden.com/repono-html/vendor/flags2/flags/bdi.svg]
[demo.coderseden.com/repono-html/vendor/flags2/flags/png/bel.png]
[demo.coderseden.com/repono-html/vendor/flags2/flags/bel.svg]
[demo.coderseden.com/repono-html/vendor/flags2/flags/png/ben.png]
[demo.coderseden.com/repono-html/vendor/flags2/flags/ben.svg]
[demo.coderseden.com/repono-html/vendor/flags2/flags/png/bes.png]
[demo.coderseden.com/repono-html/vendor/flags2/flags/bes.svg]
[demo.coderseden.com/repono-html/vendor/flags2/flags/png/bfa.png]
[demo.coderseden.com/repono-html/vendor/flags2/flags/bfa.svg]
[demo.coderseden.com/repono-html/vendor/flags2/flags/png/bgd.png]
[demo.coderseden.com/repono-html/vendor/flags2/flags/bgd.svg]
[demo.coderseden.com/repono-html/vendor/flags2/flags/png/bgr.png]
[demo.coderseden.com/repono-html/vendor/flags2/flags/bgr.svg]
[demo.coderseden.com/repono-html/vendor/flags2/flags/png/bhr.png]
[demo.coderseden.com/repono-html/vendor/flags2/flags/bhr.svg]
[demo.coderseden.com/repono-html/vendor/flags2/flags/png/bhs.png]
[demo.coderseden.com/repono-html/vendor/flags2/flags/bhs.svg]
[demo.coderseden.com/repono-html/vendor/flags2/flags/png/bih.png]
[demo.coderseden.com/repono-html/vendor/flags2/flags/bih.svg]
[demo.coderseden.com/repono-html/vendor/flags2/flags/png/blm.png]
[demo.coderseden.com/repono-html/vendor/flags2/flags/blm.svg]
[demo.coderseden.com/repono-html/vendor/flags2/flags/png/blr.png]
[demo.coderseden.com/repono-html/vendor/flags2/flags/blr.svg]
[demo.coderseden.com/repono-html/vendor/flags2/flags/png/blz.png]
[demo.coderseden.com/repono-html/vendor/flags2/flags/blz.svg]
[demo.coderseden.com/repono-html/vendor/flags2/flags/png/bmu.png]
[demo.coderseden.com/repono-html/vendor/flags2/flags/bmu.svg]
[demo.coderseden.com/repono-html/vendor/flags2/flags/png/bol.png]
[demo.coderseden.com/repono-html/vendor/flags2/flags/bol.svg]
[demo.coderseden.com/repono-html/vendor/flags2/flags/png/bra.png]
[demo.coderseden.com/repono-html/vendor/flags2/flags/bra.svg]
[demo.coderseden.com/repono-html/vendor/flags2/flags/png/brb.png]
[demo.coderseden.com/repono-html/vendor/flags2/flags/brb.svg]
[demo.coderseden.com/repono-html/vendor/flags2/flags/png/brn.png]
[demo.coderseden.com/repono-html/vendor/flags2/flags/brn.svg]
[demo.coderseden.com/repono-html/vendor/flags2/flags/png/btn.png]
[demo.coderseden.com/repono-html/vendor/flags2/flags/btn.svg]
[demo.coderseden.com/repono-html/vendor/flags2/flags/png/bvt.png]
[demo.coderseden.com/repono-html/vendor/flags2/flags/bvt.svg]
[demo.coderseden.com/repono-html/vendor/flags2/flags/png/bwa.png]
[demo.coderseden.com/repono-html/vendor/flags2/flags/bwa.svg]
[demo.coderseden.com/repono-html/vendor/flags2/flags/png/caf.png]
[demo.coderseden.com/repono-html/vendor/flags2/flags/caf.svg]
[demo.coderseden.com/repono-html/vendor/flags2/flags/png/can.png]
[demo.coderseden.com/repono-html/vendor/flags2/flags/can.svg]
[demo.coderseden.com/repono-html/vendor/flags2/flags/png/cck.png]
[demo.coderseden.com/repono-html/vendor/flags2/flags/cck.svg]
[demo.coderseden.com/repono-html/vendor/flags2/flags/png/che.png]
[demo.coderseden.com/repono-html/vendor/flags2/flags/che.svg]
[demo.coderseden.com/repono-html/vendor/flags2/flags/png/chl.png]
[demo.coderseden.com/repono-html/vendor/flags2/flags/chl.svg]
[demo.coderseden.com/repono-html/vendor/flags2/flags/png/chn.png]
[demo.coderseden.com/repono-html/vendor/flags2/flags/chn.svg]
[demo.coderseden.com/repono-html/vendor/flags2/flags/png/civ.png]
[demo.coderseden.com/repono-html/vendor/flags2/flags/civ.svg]
[demo.coderseden.com/repono-html/vendor/flags2/flags/png/cmr.png]
[demo.coderseden.com/repono-html/vendor/flags2/flags/cmr.svg]
[demo.coderseden.com/repono-html/vendor/flags2/flags/png/cod.png]
[demo.coderseden.com/repono-html/vendor/flags2/flags/cod.svg]
[demo.coderseden.com/repono-html/vendor/flags2/flags/png/cog.png]
[demo.coderseden.com/repono-html/vendor/flags2/flags/cog.svg]
[demo.coderseden.com/repono-html/vendor/flags2/flags/png/cok.png]
[demo.coderseden.com/repono-html/vendor/flags2/flags/cok.svg]
[demo.coderseden.com/repono-html/vendor/flags2/flags/png/col.png]
[demo.coderseden.com/repono-html/vendor/flags2/flags/col.svg]
[demo.coderseden.com/repono-html/vendor/flags2/flags/png/com.png]
[demo.coderseden.com/repono-html/vendor/flags2/flags/com.svg]
[demo.coderseden.com/repono-html/vendor/flags2/flags/png/cpv.png]
[demo.coderseden.com/repono-html/vendor/flags2/flags/cpv.svg]
[demo.coderseden.com/repono-html/vendor/flags2/flags/png/cri.png]
[demo.coderseden.com/repono-html/vendor/flags2/flags/cri.svg]
[demo.coderseden.com/repono-html/vendor/flags2/flags/png/cub.png]
[demo.coderseden.com/repono-html/vendor/flags2/flags/cub.svg]
[demo.coderseden.com/repono-html/vendor/flags2/flags/png/cuw.png]
[demo.coderseden.com/repono-html/vendor/flags2/flags/cuw.svg]
[demo.coderseden.com/repono-html/vendor/flags2/flags/png/cxr.png]
[demo.coderseden.com/repono-html/vendor/flags2/flags/cxr.svg]
[demo.coderseden.com/repono-html/vendor/flags2/flags/png/cym.png]
[demo.coderseden.com/repono-html/vendor/flags2/flags/cym.svg]
[demo.coderseden.com/repono-html/vendor/flags2/flags/png/cyp.png]
[demo.coderseden.com/repono-html/vendor/flags2/flags/cyp.svg]
[demo.coderseden.com/repono-html/vendor/flags2/flags/png/cze.png]
[demo.coderseden.com/repono-html/vendor/flags2/flags/cze.svg]
[demo.coderseden.com/repono-html/vendor/flags2/flags/png/deu.png]
[demo.coderseden.com/repono-html/vendor/flags2/flags/deu.svg]
[demo.coderseden.com/repono-html/vendor/flags2/flags/png/dji.png]
[demo.coderseden.com/repono-html/vendor/flags2/flags/dji.svg]
[demo.coderseden.com/repono-html/vendor/flags2/flags/png/dma.png]
[demo.coderseden.com/repono-html/vendor/flags2/flags/dma.svg]
[demo.coderseden.com/repono-html/vendor/flags2/flags/png/dnk.png]
[demo.coderseden.com/repono-html/vendor/flags2/flags/dnk.svg]
[demo.coderseden.com/repono-html/vendor/flags2/flags/png/dom.png]
[demo.coderseden.com/repono-html/vendor/flags2/flags/dom.svg]
[demo.coderseden.com/repono-html/vendor/flags2/flags/png/dza.png]
[demo.coderseden.com/repono-html/vendor/flags2/flags/dza.svg]
[demo.coderseden.com/repono-html/vendor/flags2/flags/png/ecu.png]
[demo.coderseden.com/repono-html/vendor/flags2/flags/ecu.svg]
[demo.coderseden.com/repono-html/vendor/flags2/flags/png/egy.png]
[demo.coderseden.com/repono-html/vendor/flags2/flags/egy.svg]
[demo.coderseden.com/repono-html/vendor/flags2/flags/png/eri.png]
[demo.coderseden.com/repono-html/vendor/flags2/flags/eri.svg]
[demo.coderseden.com/repono-html/vendor/flags2/flags/png/esp.png]
[demo.coderseden.com/repono-html/vendor/flags2/flags/esp.svg]
[demo.coderseden.com/repono-html/vendor/flags2/flags/png/est.png]
[demo.coderseden.com/repono-html/vendor/flags2/flags/est.svg]
[demo.coderseden.com/repono-html/vendor/flags2/flags/png/eth.png]
[demo.coderseden.com/repono-html/vendor/flags2/flags/eth.svg]
[demo.coderseden.com/repono-html/vendor/flags2/flags/png/fin.png]
[demo.coderseden.com/repono-html/vendor/flags2/flags/fin.svg]
[demo.coderseden.com/repono-html/vendor/flags2/flags/png/fji.png]
[demo.coderseden.com/repono-html/vendor/flags2/flags/fji.svg]
[demo.coderseden.com/repono-html/vendor/flags2/flags/png/flk.png]
[demo.coderseden.com/repono-html/vendor/flags2/flags/flk.svg]
[demo.coderseden.com/repono-html/vendor/flags2/flags/png/fra.png]
[demo.coderseden.com/repono-html/vendor/flags2/flags/fra.svg]
[demo.coderseden.com/repono-html/vendor/flags2/flags/png/fro.png]
[demo.coderseden.com/repono-html/vendor/flags2/flags/fro.svg]
[demo.coderseden.com/repono-html/vendor/flags2/flags/png/fsm.png]
[demo.coderseden.com/repono-html/vendor/flags2/flags/fsm.svg]
[demo.coderseden.com/repono-html/vendor/flags2/flags/png/gab.png]
[demo.coderseden.com/repono-html/vendor/flags2/flags/gab.svg]
[demo.coderseden.com/repono-html/vendor/flags2/flags/png/gbr.png]
[demo.coderseden.com/repono-html/vendor/flags2/flags/gbr.svg]
[demo.coderseden.com/repono-html/vendor/flags2/flags/png/geo.png]
[demo.coderseden.com/repono-html/vendor/flags2/flags/geo.svg]
[demo.coderseden.com/repono-html/vendor/flags2/flags/png/ggy.png]
[demo.coderseden.com/repono-html/vendor/flags2/flags/ggy.svg]
[demo.coderseden.com/repono-html/vendor/flags2/flags/png/gha.png]
[demo.coderseden.com/repono-html/vendor/flags2/flags/gha.svg]
[demo.coderseden.com/repono-html/vendor/flags2/flags/png/gib.png]
[demo.coderseden.com/repono-html/vendor/flags2/flags/gib.svg]
[demo.coderseden.com/repono-html/vendor/flags2/flags/png/gin.png]
[demo.coderseden.com/repono-html/vendor/flags2/flags/gin.svg]
[demo.coderseden.com/repono-html/vendor/flags2/flags/png/glp.png]
[demo.coderseden.com/repono-html/vendor/flags2/flags/glp.svg]
[demo.coderseden.com/repono-html/vendor/flags2/flags/png/gmb.png]
[demo.coderseden.com/repono-html/vendor/flags2/flags/gmb.svg]
[demo.coderseden.com/repono-html/vendor/flags2/flags/png/gnb.png]
[demo.coderseden.com/repono-html/vendor/flags2/flags/gnb.svg]
[demo.coderseden.com/repono-html/vendor/flags2/flags/png/gnq.png]
[demo.coderseden.com/repono-html/vendor/flags2/flags/gnq.svg]
[demo.coderseden.com/repono-html/vendor/flags2/flags/png/grc.png]
[demo.coderseden.com/repono-html/vendor/flags2/flags/grc.svg]
[demo.coderseden.com/repono-html/vendor/flags2/flags/png/grd.png]
[demo.coderseden.com/repono-html/vendor/flags2/flags/grd.svg]
[demo.coderseden.com/repono-html/vendor/flags2/flags/png/grl.png]
[demo.coderseden.com/repono-html/vendor/flags2/flags/grl.svg]
[demo.coderseden.com/repono-html/vendor/flags2/flags/png/gtm.png]
[demo.coderseden.com/repono-html/vendor/flags2/flags/gtm.svg]
[demo.coderseden.com/repono-html/vendor/flags2/flags/png/guf.png]
[demo.coderseden.com/repono-html/vendor/flags2/flags/guf.svg]
[demo.coderseden.com/repono-html/vendor/flags2/flags/png/gum.png]
[demo.coderseden.com/repono-html/vendor/flags2/flags/gum.svg]
[demo.coderseden.com/repono-html/vendor/flags2/flags/png/guy.png]
[demo.coderseden.com/repono-html/vendor/flags2/flags/guy.svg]
[demo.coderseden.com/repono-html/vendor/flags2/flags/png/hkg.png]
[demo.coderseden.com/repono-html/vendor/flags2/flags/hkg.svg]
[demo.coderseden.com/repono-html/vendor/flags2/flags/png/hmd.png]
[demo.coderseden.com/repono-html/vendor/flags2/flags/hmd.svg]
[demo.coderseden.com/repono-html/vendor/flags2/flags/png/hnd.png]
[demo.coderseden.com/repono-html/vendor/flags2/flags/hnd.svg]
[demo.coderseden.com/repono-html/vendor/flags2/flags/png/hrv.png]
[demo.coderseden.com/repono-html/vendor/flags2/flags/hrv.svg]
[demo.coderseden.com/repono-html/vendor/flags2/flags/png/hti.png]
[demo.coderseden.com/repono-html/vendor/flags2/flags/hti.svg]
[demo.coderseden.com/repono-html/vendor/flags2/flags/png/hun.png]
[demo.coderseden.com/repono-html/vendor/flags2/flags/hun.svg]
[demo.coderseden.com/repono-html/vendor/flags2/flags/png/idn.png]
[demo.coderseden.com/repono-html/vendor/flags2/flags/idn.svg]
[demo.coderseden.com/repono-html/vendor/flags2/flags/png/imn.png]
[demo.coderseden.com/repono-html/vendor/flags2/flags/imn.svg]
[demo.coderseden.com/repono-html/vendor/flags2/flags/png/ind.png]
[demo.coderseden.com/repono-html/vendor/flags2/flags/ind.svg]
[demo.coderseden.com/repono-html/vendor/flags2/flags/png/iot.png]
[demo.coderseden.com/repono-html/vendor/flags2/flags/iot.svg]
[demo.coderseden.com/repono-html/vendor/flags2/flags/png/irl.png]
[demo.coderseden.com/repono-html/vendor/flags2/flags/irl.svg]
[demo.coderseden.com/repono-html/vendor/flags2/flags/png/irn.png]
[demo.coderseden.com/repono-html/vendor/flags2/flags/irn.svg]
[demo.coderseden.com/repono-html/vendor/flags2/flags/png/irq.png]
[demo.coderseden.com/repono-html/vendor/flags2/flags/irq.svg]
[demo.coderseden.com/repono-html/vendor/flags2/flags/png/isl.png]
[demo.coderseden.com/repono-html/vendor/flags2/flags/isl.svg]
[demo.coderseden.com/repono-html/vendor/flags2/flags/png/isr.png]
[demo.coderseden.com/repono-html/vendor/flags2/flags/isr.svg]
[demo.coderseden.com/repono-html/vendor/flags2/flags/png/ita.png]
[demo.coderseden.com/repono-html/vendor/flags2/flags/ita.svg]
[demo.coderseden.com/repono-html/vendor/flags2/flags/png/jam.png]
[demo.coderseden.com/repono-html/vendor/flags2/flags/jam.svg]
[demo.coderseden.com/repono-html/vendor/flags2/flags/png/jey.png]
[demo.coderseden.com/repono-html/vendor/flags2/flags/jey.svg]
[demo.coderseden.com/repono-html/vendor/flags2/flags/png/jor.png]
[demo.coderseden.com/repono-html/vendor/flags2/flags/jor.svg]
[demo.coderseden.com/repono-html/vendor/flags2/flags/png/jpn.png]
[demo.coderseden.com/repono-html/vendor/flags2/flags/jpn.svg]
[demo.coderseden.com/repono-html/vendor/flags2/flags/png/kaz.png]
[demo.coderseden.com/repono-html/vendor/flags2/flags/kaz.svg]
[demo.coderseden.com/repono-html/vendor/flags2/flags/png/ken.png]
[demo.coderseden.com/repono-html/vendor/flags2/flags/ken.svg]
[demo.coderseden.com/repono-html/vendor/flags2/flags/png/kgz.png]
[demo.coderseden.com/repono-html/vendor/flags2/flags/kgz.svg]
[demo.coderseden.com/repono-html/vendor/flags2/flags/png/khm.png]
[demo.coderseden.com/repono-html/vendor/flags2/flags/khm.svg]
[demo.coderseden.com/repono-html/vendor/flags2/flags/png/kir.png]
[demo.coderseden.com/repono-html/vendor/flags2/flags/kir.svg]
[demo.coderseden.com/repono-html/vendor/flags2/flags/png/kna.png]
[demo.coderseden.com/repono-html/vendor/flags2/flags/kna.svg]
[demo.coderseden.com/repono-html/vendor/flags2/flags/png/kor.png]
[demo.coderseden.com/repono-html/vendor/flags2/flags/kor.svg]
[demo.coderseden.com/repono-html/vendor/flags2/flags/png/kwt.png]
[demo.coderseden.com/repono-html/vendor/flags2/flags/kwt.svg]
[demo.coderseden.com/repono-html/vendor/flags2/flags/png/lao.png]
[demo.coderseden.com/repono-html/vendor/flags2/flags/lao.svg]
[demo.coderseden.com/repono-html/vendor/flags2/flags/png/lbn.png]
[demo.coderseden.com/repono-html/vendor/flags2/flags/lbn.svg]
[demo.coderseden.com/repono-html/vendor/flags2/flags/png/lbr.png]
[demo.coderseden.com/repono-html/vendor/flags2/flags/lbr.svg]
[demo.coderseden.com/repono-html/vendor/flags2/flags/png/lby.png]
[demo.coderseden.com/repono-html/vendor/flags2/flags/lby.svg]
[demo.coderseden.com/repono-html/vendor/flags2/flags/png/lca.png]
[demo.coderseden.com/repono-html/vendor/flags2/flags/lca.svg]
[demo.coderseden.com/repono-html/vendor/flags2/flags/png/lie.png]
[demo.coderseden.com/repono-html/vendor/flags2/flags/lie.svg]
[demo.coderseden.com/repono-html/vendor/flags2/flags/png/lka.png]
[demo.coderseden.com/repono-html/vendor/flags2/flags/lka.svg]
[demo.coderseden.com/repono-html/vendor/flags2/flags/png/lso.png]
[demo.coderseden.com/repono-html/vendor/flags2/flags/lso.svg]
[demo.coderseden.com/repono-html/vendor/flags2/flags/png/ltu.png]
[demo.coderseden.com/repono-html/vendor/flags2/flags/ltu.svg]
[demo.coderseden.com/repono-html/vendor/flags2/flags/png/lux.png]
[demo.coderseden.com/repono-html/vendor/flags2/flags/lux.svg]
[demo.coderseden.com/repono-html/vendor/flags2/flags/png/lva.png]
[demo.coderseden.com/repono-html/vendor/flags2/flags/lva.svg]
[demo.coderseden.com/repono-html/vendor/flags2/flags/png/mac.png]
[demo.coderseden.com/repono-html/vendor/flags2/flags/mac.svg]
[demo.coderseden.com/repono-html/vendor/flags2/flags/png/maf.png]
[demo.coderseden.com/repono-html/vendor/flags2/flags/maf.svg]
[demo.coderseden.com/repono-html/vendor/flags2/flags/png/mar.png]
[demo.coderseden.com/repono-html/vendor/flags2/flags/mar.svg]
[demo.coderseden.com/repono-html/vendor/flags2/flags/png/mco.png]
[demo.coderseden.com/repono-html/vendor/flags2/flags/mco.svg]
[demo.coderseden.com/repono-html/vendor/flags2/flags/png/mda.png]
[demo.coderseden.com/repono-html/vendor/flags2/flags/mda.svg]
[demo.coderseden.com/repono-html/vendor/flags2/flags/png/mdg.png]
[demo.coderseden.com/repono-html/vendor/flags2/flags/mdg.svg]
[demo.coderseden.com/repono-html/vendor/flags2/flags/png/mdv.png]
[demo.coderseden.com/repono-html/vendor/flags2/flags/mdv.svg]
[demo.coderseden.com/repono-html/vendor/flags2/flags/png/mex.png]
[demo.coderseden.com/repono-html/vendor/flags2/flags/png/mhl.png]
[demo.coderseden.com/repono-html/vendor/flags2/flags/mhl.svg]
[demo.coderseden.com/repono-html/vendor/flags2/flags/png/mkd.png]
[demo.coderseden.com/repono-html/vendor/flags2/flags/mex.svg]
[demo.coderseden.com/repono-html/vendor/flags2/flags/mkd.svg]
[demo.coderseden.com/repono-html/vendor/flags2/flags/png/mli.png]
[demo.coderseden.com/repono-html/vendor/flags2/flags/mli.svg]
[demo.coderseden.com/repono-html/vendor/flags2/flags/png/mlt.png]
[demo.coderseden.com/repono-html/vendor/flags2/flags/mlt.svg]
[demo.coderseden.com/repono-html/vendor/flags2/flags/png/mmr.png]
[demo.coderseden.com/repono-html/vendor/flags2/flags/mmr.svg]
[demo.coderseden.com/repono-html/vendor/flags2/flags/png/mne.png]
[demo.coderseden.com/repono-html/vendor/flags2/flags/mne.svg]
[demo.coderseden.com/repono-html/vendor/flags2/flags/png/mng.png]
[demo.coderseden.com/repono-html/vendor/flags2/flags/mng.svg]
[demo.coderseden.com/repono-html/vendor/flags2/flags/png/mnp.png]
[demo.coderseden.com/repono-html/vendor/flags2/flags/mnp.svg]
[demo.coderseden.com/repono-html/vendor/flags2/flags/png/moz.png]
[demo.coderseden.com/repono-html/vendor/flags2/flags/moz.svg]
[demo.coderseden.com/repono-html/vendor/flags2/flags/png/mrt.png]
[demo.coderseden.com/repono-html/vendor/flags2/flags/mrt.svg]
[demo.coderseden.com/repono-html/vendor/flags2/flags/png/msr.png]
[demo.coderseden.com/repono-html/vendor/flags2/flags/msr.svg]
[demo.coderseden.com/repono-html/vendor/flags2/flags/png/mtq.png]
[demo.coderseden.com/repono-html/vendor/flags2/flags/mtq.svg]
[demo.coderseden.com/repono-html/vendor/flags2/flags/png/mus.png]
[demo.coderseden.com/repono-html/vendor/flags2/flags/mus.svg]
[demo.coderseden.com/repono-html/vendor/flags2/flags/png/mwi.png]
[demo.coderseden.com/repono-html/vendor/flags2/flags/mwi.svg]
[demo.coderseden.com/repono-html/vendor/flags2/flags/png/mys.png]
[demo.coderseden.com/repono-html/vendor/flags2/flags/mys.svg]
[demo.coderseden.com/repono-html/vendor/flags2/flags/png/myt.png]
[demo.coderseden.com/repono-html/vendor/flags2/flags/myt.svg]
[demo.coderseden.com/repono-html/vendor/flags2/flags/png/nam.png]
[demo.coderseden.com/repono-html/vendor/flags2/flags/nam.svg]
[demo.coderseden.com/repono-html/vendor/flags2/flags/png/ncl.png]
[demo.coderseden.com/repono-html/vendor/flags2/flags/ncl.svg]
[demo.coderseden.com/repono-html/vendor/flags2/flags/png/ner.png]
[demo.coderseden.com/repono-html/vendor/flags2/flags/ner.svg]
[demo.coderseden.com/repono-html/vendor/flags2/flags/png/nfk.png]
[demo.coderseden.com/repono-html/vendor/flags2/flags/nfk.svg]
[demo.coderseden.com/repono-html/vendor/flags2/flags/png/nga.png]
[demo.coderseden.com/repono-html/vendor/flags2/flags/nga.svg]
[demo.coderseden.com/repono-html/vendor/flags2/flags/png/nic.png]
[demo.coderseden.com/repono-html/vendor/flags2/flags/nic.svg]
[demo.coderseden.com/repono-html/vendor/flags2/flags/png/niu.png]
[demo.coderseden.com/repono-html/vendor/flags2/flags/niu.svg]
[demo.coderseden.com/repono-html/vendor/flags2/flags/png/nld.png]
[demo.coderseden.com/repono-html/vendor/flags2/flags/nld.svg]
[demo.coderseden.com/repono-html/vendor/flags2/flags/png/nor.png]
[demo.coderseden.com/repono-html/vendor/flags2/flags/nor.svg]
[demo.coderseden.com/repono-html/vendor/flags2/flags/png/npl.png]
[demo.coderseden.com/repono-html/vendor/flags2/flags/npl.svg]
[demo.coderseden.com/repono-html/vendor/flags2/flags/png/nru.png]
[demo.coderseden.com/repono-html/vendor/flags2/flags/nru.svg]
[demo.coderseden.com/repono-html/vendor/flags2/flags/png/nzl.png]
[demo.coderseden.com/repono-html/vendor/flags2/flags/nzl.svg]
[demo.coderseden.com/repono-html/vendor/flags2/flags/png/omn.png]
[demo.coderseden.com/repono-html/vendor/flags2/flags/omn.svg]
[demo.coderseden.com/repono-html/vendor/flags2/flags/png/pak.png]
[demo.coderseden.com/repono-html/vendor/flags2/flags/pak.svg]
[demo.coderseden.com/repono-html/vendor/flags2/flags/png/pan.png]
[demo.coderseden.com/repono-html/vendor/flags2/flags/pan.svg]
[demo.coderseden.com/repono-html/vendor/flags2/flags/png/pcn.png]
[demo.coderseden.com/repono-html/vendor/flags2/flags/pcn.svg]
[demo.coderseden.com/repono-html/vendor/flags2/flags/png/per.png]
[demo.coderseden.com/repono-html/vendor/flags2/flags/png/phl.png]
[demo.coderseden.com/repono-html/vendor/flags2/flags/per.svg]
[demo.coderseden.com/repono-html/vendor/flags2/flags/phl.svg]
[demo.coderseden.com/repono-html/vendor/flags2/flags/png/plw.png]
[demo.coderseden.com/repono-html/vendor/flags2/flags/plw.svg]
[demo.coderseden.com/repono-html/vendor/flags2/flags/png/png.png]
[demo.coderseden.com/repono-html/vendor/flags2/flags/png.svg]
[demo.coderseden.com/repono-html/vendor/flags2/flags/png/pol.png]
[demo.coderseden.com/repono-html/vendor/flags2/flags/pol.svg]
[demo.coderseden.com/repono-html/vendor/flags2/flags/png/pri.png]
[demo.coderseden.com/repono-html/vendor/flags2/flags/pri.svg]
[demo.coderseden.com/repono-html/vendor/flags2/flags/png/prk.png]
[demo.coderseden.com/repono-html/vendor/flags2/flags/prk.svg]
[demo.coderseden.com/repono-html/vendor/flags2/flags/png/prt.png]
[demo.coderseden.com/repono-html/vendor/flags2/flags/prt.svg]
[demo.coderseden.com/repono-html/vendor/flags2/flags/png/pry.png]
[demo.coderseden.com/repono-html/vendor/flags2/flags/pry.svg]
[demo.coderseden.com/repono-html/vendor/flags2/flags/png/pse.png]
[demo.coderseden.com/repono-html/vendor/flags2/flags/pse.svg]
[demo.coderseden.com/repono-html/vendor/flags2/flags/png/pyf.png]
[demo.coderseden.com/repono-html/vendor/flags2/flags/pyf.svg]
[demo.coderseden.com/repono-html/vendor/flags2/flags/png/qat.png]
[demo.coderseden.com/repono-html/vendor/flags2/flags/qat.svg]
[demo.coderseden.com/repono-html/vendor/flags2/flags/png/reu.png]
[demo.coderseden.com/repono-html/vendor/flags2/flags/reu.svg]
[demo.coderseden.com/repono-html/vendor/flags2/flags/png/rou.png]
[demo.coderseden.com/repono-html/vendor/flags2/flags/rou.svg]
[demo.coderseden.com/repono-html/vendor/flags2/flags/png/rus.png]
[demo.coderseden.com/repono-html/vendor/flags2/flags/rus.svg]
[demo.coderseden.com/repono-html/vendor/flags2/flags/png/rwa.png]
[demo.coderseden.com/repono-html/vendor/flags2/flags/rwa.svg]
[demo.coderseden.com/repono-html/vendor/flags2/flags/png/sau.png]
[demo.coderseden.com/repono-html/vendor/flags2/flags/sau.svg]
[demo.coderseden.com/repono-html/vendor/flags2/flags/png/sdn.png]
[demo.coderseden.com/repono-html/vendor/flags2/flags/sdn.svg]
[demo.coderseden.com/repono-html/vendor/flags2/flags/png/sen.png]
[demo.coderseden.com/repono-html/vendor/flags2/flags/sen.svg]
[demo.coderseden.com/repono-html/vendor/flags2/flags/png/sgp.png]
[demo.coderseden.com/repono-html/vendor/flags2/flags/sgp.svg]
[demo.coderseden.com/repono-html/vendor/flags2/flags/png/sgs.png]
[demo.coderseden.com/repono-html/vendor/flags2/flags/sgs.svg]
[demo.coderseden.com/repono-html/vendor/flags2/flags/png/shn.png]
[demo.coderseden.com/repono-html/vendor/flags2/flags/shn.svg]
[demo.coderseden.com/repono-html/vendor/flags2/flags/png/sjm.png]
[demo.coderseden.com/repono-html/vendor/flags2/flags/sjm.svg]
[demo.coderseden.com/repono-html/vendor/flags2/flags/png/slb.png]
[demo.coderseden.com/repono-html/vendor/flags2/flags/slb.svg]
[demo.coderseden.com/repono-html/vendor/flags2/flags/png/sle.png]
[demo.coderseden.com/repono-html/vendor/flags2/flags/sle.svg]
[demo.coderseden.com/repono-html/vendor/flags2/flags/png/slv.png]
[demo.coderseden.com/repono-html/vendor/flags2/flags/png/smr.png]
[demo.coderseden.com/repono-html/vendor/flags2/flags/slv.svg]
[demo.coderseden.com/repono-html/vendor/flags2/flags/png/som.png]
[demo.coderseden.com/repono-html/vendor/flags2/flags/smr.svg]
[demo.coderseden.com/repono-html/vendor/flags2/flags/som.svg]
[demo.coderseden.com/repono-html/vendor/flags2/flags/png/spm.png]
[demo.coderseden.com/repono-html/vendor/flags2/flags/png/srb.png]
[demo.coderseden.com/repono-html/vendor/flags2/flags/spm.svg]
[demo.coderseden.com/repono-html/vendor/flags2/flags/png/ssd.png]
[demo.coderseden.com/repono-html/vendor/flags2/flags/ssd.svg]
[demo.coderseden.com/repono-html/vendor/flags2/flags/png/stp.png]
[demo.coderseden.com/repono-html/vendor/flags2/flags/srb.svg]
[demo.coderseden.com/repono-html/vendor/flags2/flags/stp.svg]
[demo.coderseden.com/repono-html/vendor/flags2/flags/png/sur.png]
[demo.coderseden.com/repono-html/vendor/flags2/flags/sur.svg]
[demo.coderseden.com/repono-html/vendor/flags2/flags/png/svk.png]
[demo.coderseden.com/repono-html/vendor/flags2/flags/svk.svg]
[demo.coderseden.com/repono-html/vendor/flags2/flags/png/svn.png]
[demo.coderseden.com/repono-html/vendor/flags2/flags/svn.svg]
[demo.coderseden.com/repono-html/vendor/flags2/flags/png/swe.png]
[demo.coderseden.com/repono-html/vendor/flags2/flags/swe.svg]
[demo.coderseden.com/repono-html/vendor/flags2/flags/png/swz.png]
[demo.coderseden.com/repono-html/vendor/flags2/flags/swz.svg]
[demo.coderseden.com/repono-html/vendor/flags2/flags/png/sxm.png]
[demo.coderseden.com/repono-html/vendor/flags2/flags/sxm.svg]
[demo.coderseden.com/repono-html/vendor/flags2/flags/png/syc.png]
[demo.coderseden.com/repono-html/vendor/flags2/flags/syc.svg]
[demo.coderseden.com/repono-html/vendor/flags2/flags/png/syr.png]
[demo.coderseden.com/repono-html/vendor/flags2/flags/syr.svg]
[demo.coderseden.com/repono-html/vendor/flags2/flags/png/tca.png]
[demo.coderseden.com/repono-html/vendor/flags2/flags/tca.svg]
[demo.coderseden.com/repono-html/vendor/flags2/flags/png/tcd.png]
[demo.coderseden.com/repono-html/vendor/flags2/flags/tcd.svg]
[demo.coderseden.com/repono-html/vendor/flags2/flags/png/tgo.png]
[demo.coderseden.com/repono-html/vendor/flags2/flags/tgo.svg]
[demo.coderseden.com/repono-html/vendor/flags2/flags/png/tha.png]
[demo.coderseden.com/repono-html/vendor/flags2/flags/tha.svg]
[demo.coderseden.com/repono-html/vendor/flags2/flags/png/tjk.png]
[demo.coderseden.com/repono-html/vendor/flags2/flags/tjk.svg]
[demo.coderseden.com/repono-html/vendor/flags2/flags/png/tkl.png]
[demo.coderseden.com/repono-html/vendor/flags2/flags/tkl.svg]
[demo.coderseden.com/repono-html/vendor/flags2/flags/png/tkm.png]
[demo.coderseden.com/repono-html/vendor/flags2/flags/tkm.svg]
[demo.coderseden.com/repono-html/vendor/flags2/flags/png/tls.png]
[demo.coderseden.com/repono-html/vendor/flags2/flags/tls.svg]
[demo.coderseden.com/repono-html/vendor/flags2/flags/png/ton.png]
[demo.coderseden.com/repono-html/vendor/flags2/flags/ton.svg]
[demo.coderseden.com/repono-html/vendor/flags2/flags/png/tto.png]
[demo.coderseden.com/repono-html/vendor/flags2/flags/tto.svg]
[demo.coderseden.com/repono-html/vendor/flags2/flags/png/tun.png]
[demo.coderseden.com/repono-html/vendor/flags2/flags/tun.svg]
[demo.coderseden.com/repono-html/vendor/flags2/flags/png/tur.png]
[demo.coderseden.com/repono-html/vendor/flags2/flags/tur.svg]
[demo.coderseden.com/repono-html/vendor/flags2/flags/png/tuv.png]
[demo.coderseden.com/repono-html/vendor/flags2/flags/tuv.svg]
[demo.coderseden.com/repono-html/vendor/flags2/flags/png/twn.png]
[demo.coderseden.com/repono-html/vendor/flags2/flags/twn.svg]
[demo.coderseden.com/repono-html/vendor/flags2/flags/png/tza.png]
[demo.coderseden.com/repono-html/vendor/flags2/flags/tza.svg]
[demo.coderseden.com/repono-html/vendor/flags2/flags/png/uga.png]
[demo.coderseden.com/repono-html/vendor/flags2/flags/uga.svg]
[demo.coderseden.com/repono-html/vendor/flags2/flags/png/ukr.png]
[demo.coderseden.com/repono-html/vendor/flags2/flags/ukr.svg]
[demo.coderseden.com/repono-html/vendor/flags2/flags/png/umi.png]
[demo.coderseden.com/repono-html/vendor/flags2/flags/umi.svg]
[demo.coderseden.com/repono-html/vendor/flags2/flags/png/ury.png]
[demo.coderseden.com/repono-html/vendor/flags2/flags/ury.svg]
[demo.coderseden.com/repono-html/vendor/flags2/flags/png/usa.png]
[demo.coderseden.com/repono-html/vendor/flags2/flags/usa.svg]
[demo.coderseden.com/repono-html/vendor/flags2/flags/png/uzb.png]
[demo.coderseden.com/repono-html/vendor/flags2/flags/uzb.svg]
[demo.coderseden.com/repono-html/vendor/flags2/flags/png/vat.png]
[demo.coderseden.com/repono-html/vendor/flags2/flags/vat.svg]
[demo.coderseden.com/repono-html/vendor/flags2/flags/png/vct.png]
[demo.coderseden.com/repono-html/vendor/flags2/flags/vct.svg]
[demo.coderseden.com/repono-html/vendor/flags2/flags/png/ven.png]
[demo.coderseden.com/repono-html/vendor/flags2/flags/ven.svg]
[demo.coderseden.com/repono-html/vendor/flags2/flags/png/vgb.png]
[demo.coderseden.com/repono-html/vendor/flags2/flags/vgb.svg]
[demo.coderseden.com/repono-html/vendor/flags2/flags/png/vir.png]
[demo.coderseden.com/repono-html/vendor/flags2/flags/vir.svg]
[demo.coderseden.com/repono-html/vendor/flags2/flags/png/vnm.png]
[demo.coderseden.com/repono-html/vendor/flags2/flags/vnm.svg]
[demo.coderseden.com/repono-html/vendor/flags2/flags/png/vut.png]
[demo.coderseden.com/repono-html/vendor/flags2/flags/vut.svg]
[demo.coderseden.com/repono-html/vendor/flags2/flags/png/wlf.png]
[demo.coderseden.com/repono-html/vendor/flags2/flags/wlf.svg]
[demo.coderseden.com/repono-html/vendor/flags2/flags/png/wsm.png]
[demo.coderseden.com/repono-html/vendor/flags2/flags/wsm.svg]
[demo.coderseden.com/repono-html/vendor/flags2/flags/png/yem.png]
[demo.coderseden.com/repono-html/vendor/flags2/flags/yem.svg]
[demo.coderseden.com/repono-html/vendor/flags2/flags/png/zaf.png]
[demo.coderseden.com/repono-html/vendor/flags2/flags/zaf.svg]
[demo.coderseden.com/repono-html/vendor/flags2/flags/png/zmb.png]
[demo.coderseden.com/repono-html/vendor/flags2/flags/zmb.svg]
[demo.coderseden.com/repono-html/vendor/flags2/flags/png/zwe.png]
[demo.coderseden.com/repono-html/vendor/flags2/flags/zwe.svg]
[demo.coderseden.com/repono-html/vendor/flags2/flags/png/eng.png]
[demo.coderseden.com/repono-html/vendor/flags2/flags/eng.svg]
[demo.coderseden.com/repono-html/vendor/flags2/flags/png/eur.png]
[demo.coderseden.com/repono-html/vendor/flags2/flags/eur.svg]
[demo.coderseden.com/repono-html/vendor/flags2/flags/png/kos.png]
[demo.coderseden.com/repono-html/vendor/flags2/flags/kos.svg]
[demo.coderseden.com/repono-html/vendor/flags2/flags/png/nir.png]
[demo.coderseden.com/repono-html/vendor/flags2/flags/nir.svg]
[demo.coderseden.com/repono-html/vendor/flags2/flags/png/tpe.png]
[demo.coderseden.com/repono-html/vendor/flags2/flags/tpe.svg]
[demo.coderseden.com/repono-html/vendor/flags2/flags/png/sco.png]
[demo.coderseden.com/repono-html/vendor/flags2/flags/sco.svg]
[demo.coderseden.com/repono-html/vendor/flags2/flags/png/wal.png]
[demo.coderseden.com/repono-html/vendor/flags2/flag-css.css]
[demo.coderseden.com/repono-html/vendor/slick/slick.css]
[demo.coderseden.com/repono-html/vendor/select2/dist/css/select2.min.css]
[demo.coderseden.com/repono-html/vendor/ekko-lightbox/ekko-lightbox.css]
[demo.coderseden.com/repono-html/vendor/flags2/flags/wal.svg]
[demo.coderseden.com/repono-html/fonts/glyphicons-halflings-regular.eot]
[demo.coderseden.com/repono-html/fonts/glyphicons-halflings-regulard41d.eot]
[demo.coderseden.com/repono-html/fonts/glyphicons-halflings-regular.woff2]
[demo.coderseden.com/repono-html/fonts/glyphicons-halflings-regular.woff]
[demo.coderseden.com/repono-html/fonts/glyphicons-halflings-regular.ttf]
[demo.coderseden.com/repono-html/fonts/glyphicons-halflings-regular.svg]
[demo.coderseden.com/repono-html/images/loading.gif]
[demo.coderseden.com/repono-html/images/loading-sm.gif]
[demo.coderseden.com/repono-html/images/ajax-loader.gif]
[demo.coderseden.com/repono-html/css/style.css]
[demo.coderseden.com/repono-html/index-2.html]
[demo.coderseden.com/repono-html/css/style2.css]
[demo.coderseden.com/repono-html/images/home/1920x1010_home-3.jpg]
[demo.coderseden.com/repono-html/images/home/1920x1010_home-4.jpg]
[demo.coderseden.com/repono-html/index2.html]
[demo.coderseden.com/repono-html/index-empty.html]
[demo.coderseden.com/repono-html/images/products/audi-1.jpg]
[demo.coderseden.com/repono-html/images/products/audi-2.jpg]
[demo.coderseden.com/repono-html/images/products/audi-3.jpg]
[www.google.com/recaptcha/api.js]
[demo.coderseden.com/repono-html/view-listing.html]
[demo.coderseden.com/repono-html/view-profile.html]
[demo.coderseden.com/repono-html/images/stores/2000X1125_store-slider-1.jpg]
[demo.coderseden.com/repono-html/images/stores/2000X1125_store-slider-2.jpg]
[demo.coderseden.com/repono-html/view-store.html]
[demo.coderseden.com/repono-html/view-store-v2.html]
[demo.coderseden.com/repono-html/vendor/fileinput/fileinput.css]
[demo.coderseden.com/repono-html/vendor/ckeditor/ckeditor.js]
[demo.coderseden.com/repono-html/post.html]
[demo.coderseden.com/repono-html/category-list.html]
[demo.coderseden.com/repono-html/category-list-2.html]
[demo.coderseden.com/repono-html/vendor/fileinput/fileinput.js]
[demo.coderseden.com/repono-html/category-map.html]
[demo.coderseden.com/repono-html/images/blog/1000X675_article-5.jpg]
[demo.coderseden.com/repono-html/images/blog/1000X675_article-6.jpg]
[demo.coderseden.com/repono-html/images/blog/1000X675_article-7.jpg]
[demo.coderseden.com/repono-html/images/blog/1000X675_article-8.jpg]
[demo.coderseden.com/repono-html/images/blog/1000X675_article-9.jpg]
[demo.coderseden.com/repono-html/images/blog/1000X675_article-10.jpg]
[demo.coderseden.com/repono-html/images/blog/1000X675_article-11.jpg]
[demo.coderseden.com/repono-html/images/blog/1000X675_article-12.jpg]
[demo.coderseden.com/repono-html/blog-grid.html]
[demo.coderseden.com/repono-html/blog-article.html]
[demo.coderseden.com/repono-html/packages.html]
[demo.coderseden.com/repono-html/pricing.html]
[demo.coderseden.com/repono-html/my-account-my-listing.html]
[demo.coderseden.com/repono-html/my-account-info.html]
[demo.coderseden.com/repono-html/my-account-favorites.html]
[demo.coderseden.com/repono-html/my-account-inbox.html]
[demo.coderseden.com/repono-html/my-account-conversation.html]
[demo.coderseden.com/repono-html/my-account-invoice.html]
[demo.coderseden.com/repono-html/my-account-invoice-empty.html]
[demo.coderseden.com/repono-html/my-account-store.html]
[demo.coderseden.com/repono-html/simple-page.html]
[demo.coderseden.com/repono-html/sign-in.html]
[demo.coderseden.com/repono-html/sign-up.html]
[demo.coderseden.com/repono-html/forgot-password.html]
[demo.coderseden.com/repono-html/thank-you.html]
[demo.coderseden.com/repono-html/404.html]
[demo.coderseden.com/repono-html/contact.html]
[demo.coderseden.com/repono-html/contact-v2.html]
[demo.coderseden.com/repono-html/contact-v3.html]
[demo.coderseden.com/repono-html/vendor/font-awesome/webfonts/fa-brands-400.svg]
[demo.coderseden.com/repono-html/vendor/font-awesome/webfonts/fa-regular-400.svg]
[demo.coderseden.com/repono-html/vendor/font-awesome/webfonts/fa-solid-900.svg]
[demo.coderseden.com/repono-html/vendor/flags2/flags/abw.svg]
[demo.coderseden.com/repono-html/vendor/flags2/flags/afg.svg]
[demo.coderseden.com/repono-html/vendor/flags2/flags/ago.svg]
[demo.coderseden.com/repono-html/vendor/flags2/flags/aia.svg]
[demo.coderseden.com/repono-html/vendor/flags2/flags/ala.svg]
[demo.coderseden.com/repono-html/vendor/flags2/flags/alb.svg]
[demo.coderseden.com/repono-html/vendor/flags2/flags/and.svg]
[demo.coderseden.com/repono-html/vendor/flags2/flags/are.svg]
[demo.coderseden.com/repono-html/vendor/flags2/flags/arg.svg]
[demo.coderseden.com/repono-html/vendor/flags2/flags/arm.svg]
[demo.coderseden.com/repono-html/vendor/flags2/flags/asm.svg]
[demo.coderseden.com/repono-html/vendor/flags2/flags/ata.svg]
[demo.coderseden.com/repono-html/vendor/flags2/flags/atf.svg]
[demo.coderseden.com/repono-html/vendor/flags2/flags/atg.svg]
[demo.coderseden.com/repono-html/vendor/flags2/flags/aus.svg]
[demo.coderseden.com/repono-html/vendor/flags2/flags/aut.svg]
[demo.coderseden.com/repono-html/vendor/flags2/flags/aze.svg]
[demo.coderseden.com/repono-html/vendor/flags2/flags/bdi.svg]
[demo.coderseden.com/repono-html/vendor/flags2/flags/bel.svg]
[demo.coderseden.com/repono-html/vendor/flags2/flags/ben.svg]
[demo.coderseden.com/repono-html/vendor/flags2/flags/bes.svg]
[demo.coderseden.com/repono-html/vendor/flags2/flags/bfa.svg]
[demo.coderseden.com/repono-html/vendor/flags2/flags/bgd.svg]
[demo.coderseden.com/repono-html/vendor/flags2/flags/bgr.svg]
[demo.coderseden.com/repono-html/vendor/flags2/flags/bhr.svg]
[demo.coderseden.com/repono-html/vendor/flags2/flags/bhs.svg]
[demo.coderseden.com/repono-html/vendor/flags2/flags/bih.svg]
[demo.coderseden.com/repono-html/vendor/flags2/flags/blm.svg]
[demo.coderseden.com/repono-html/vendor/flags2/flags/blr.svg]
[demo.coderseden.com/repono-html/vendor/flags2/flags/blz.svg]
[demo.coderseden.com/repono-html/vendor/flags2/flags/bmu.svg]
[demo.coderseden.com/repono-html/vendor/flags2/flags/bol.svg]
[demo.coderseden.com/repono-html/vendor/flags2/flags/bra.svg]
[demo.coderseden.com/repono-html/vendor/flags2/flags/brb.svg]
[demo.coderseden.com/repono-html/vendor/flags2/flags/brn.svg]
[demo.coderseden.com/repono-html/vendor/flags2/flags/btn.svg]
[demo.coderseden.com/repono-html/vendor/flags2/flags/bvt.svg]
[demo.coderseden.com/repono-html/vendor/flags2/flags/bwa.svg]
[demo.coderseden.com/repono-html/vendor/flags2/flags/caf.svg]
[demo.coderseden.com/repono-html/vendor/flags2/flags/can.svg]
[demo.coderseden.com/repono-html/vendor/flags2/flags/cck.svg]
[demo.coderseden.com/repono-html/vendor/flags2/flags/che.svg]
[demo.coderseden.com/repono-html/vendor/flags2/flags/chl.svg]
[demo.coderseden.com/repono-html/vendor/flags2/flags/chn.svg]
[demo.coderseden.com/repono-html/vendor/flags2/flags/civ.svg]
[demo.coderseden.com/repono-html/vendor/flags2/flags/cmr.svg]
[demo.coderseden.com/repono-html/vendor/flags2/flags/cod.svg]
[demo.coderseden.com/repono-html/vendor/flags2/flags/cog.svg]
[demo.coderseden.com/repono-html/vendor/flags2/flags/cok.svg]
[demo.coderseden.com/repono-html/vendor/flags2/flags/col.svg]
[demo.coderseden.com/repono-html/vendor/flags2/flags/com.svg]
[demo.coderseden.com/repono-html/vendor/flags2/flags/cpv.svg]
[demo.coderseden.com/repono-html/vendor/flags2/flags/cri.svg]
[demo.coderseden.com/repono-html/vendor/flags2/flags/cub.svg]
[demo.coderseden.com/repono-html/vendor/flags2/flags/cuw.svg]
[demo.coderseden.com/repono-html/vendor/flags2/flags/cxr.svg]
[demo.coderseden.com/repono-html/vendor/flags2/flags/cym.svg]
[demo.coderseden.com/repono-html/vendor/flags2/flags/cyp.svg]
[demo.coderseden.com/repono-html/vendor/flags2/flags/cze.svg]
[demo.coderseden.com/repono-html/vendor/flags2/flags/deu.svg]
[demo.coderseden.com/repono-html/vendor/flags2/flags/dji.svg]
[demo.coderseden.com/repono-html/vendor/flags2/flags/dma.svg]
[demo.coderseden.com/repono-html/vendor/flags2/flags/dnk.svg]
[demo.coderseden.com/repono-html/vendor/flags2/flags/dom.svg]
[demo.coderseden.com/repono-html/vendor/flags2/flags/dza.svg]
[demo.coderseden.com/repono-html/vendor/flags2/flags/ecu.svg]
[demo.coderseden.com/repono-html/vendor/flags2/flags/egy.svg]
[demo.coderseden.com/repono-html/vendor/flags2/flags/eri.svg]
[demo.coderseden.com/repono-html/vendor/flags2/flags/esp.svg]
[demo.coderseden.com/repono-html/vendor/flags2/flags/est.svg]
[demo.coderseden.com/repono-html/vendor/flags2/flags/eth.svg]
[demo.coderseden.com/repono-html/vendor/flags2/flags/fin.svg]
[demo.coderseden.com/repono-html/vendor/flags2/flags/fji.svg]
[demo.coderseden.com/repono-html/vendor/flags2/flags/flk.svg]
[demo.coderseden.com/repono-html/vendor/flags2/flags/fra.svg]
[demo.coderseden.com/repono-html/vendor/flags2/flags/fro.svg]
[demo.coderseden.com/repono-html/vendor/flags2/flags/fsm.svg]
[demo.coderseden.com/repono-html/vendor/flags2/flags/gab.svg]
[demo.coderseden.com/repono-html/vendor/flags2/flags/gbr.svg]
[demo.coderseden.com/repono-html/vendor/flags2/flags/geo.svg]
[demo.coderseden.com/repono-html/vendor/flags2/flags/ggy.svg]
[demo.coderseden.com/repono-html/vendor/flags2/flags/gha.svg]
[demo.coderseden.com/repono-html/vendor/flags2/flags/gib.svg]
[demo.coderseden.com/repono-html/vendor/flags2/flags/gin.svg]
[demo.coderseden.com/repono-html/vendor/flags2/flags/ZZ.svg]
[demo.coderseden.com/repono-html/vendor/flags2/flags/glp.svg]
[demo.coderseden.com/repono-html/vendor/flags2/flags/gmb.svg]
[demo.coderseden.com/repono-html/vendor/flags2/flags/gnb.svg]
[demo.coderseden.com/repono-html/vendor/flags2/flags/gnq.svg]
[demo.coderseden.com/repono-html/vendor/flags2/flags/grc.svg]
[demo.coderseden.com/repono-html/vendor/flags2/flags/grd.svg]
[demo.coderseden.com/repono-html/vendor/flags2/flags/grl.svg]
[demo.coderseden.com/repono-html/vendor/flags2/flags/gtm.svg]
[demo.coderseden.com/repono-html/vendor/flags2/flags/guf.svg]
[demo.coderseden.com/repono-html/vendor/flags2/flags/gum.svg]
[demo.coderseden.com/repono-html/vendor/flags2/flags/guy.svg]
[demo.coderseden.com/repono-html/vendor/flags2/flags/hkg.svg]
[demo.coderseden.com/repono-html/vendor/flags2/flags/hmd.svg]
[demo.coderseden.com/repono-html/vendor/flags2/flags/hnd.svg]
[demo.coderseden.com/repono-html/vendor/flags2/flags/hrv.svg]
[demo.coderseden.com/repono-html/vendor/flags2/flags/hti.svg]
[demo.coderseden.com/repono-html/vendor/flags2/flags/hun.svg]
[demo.coderseden.com/repono-html/vendor/flags2/flags/idn.svg]
[demo.coderseden.com/repono-html/vendor/flags2/flags/AJAX1.svg]
[demo.coderseden.com/repono-html/vendor/flags2/flags/imn.svg]
[demo.coderseden.com/repono-html/vendor/flags2/flags/ind.svg]
[demo.coderseden.com/repono-html/vendor/flags2/flags/iot.svg]
[demo.coderseden.com/repono-html/vendor/flags2/flags/irl.svg]
[demo.coderseden.com/repono-html/vendor/flags2/flags/irn.svg]
[demo.coderseden.com/repono-html/vendor/flags2/flags/irq.svg]
[demo.coderseden.com/repono-html/vendor/flags2/flags/isl.svg]
[demo.coderseden.com/repono-html/vendor/flags2/flags/isr.svg]
[demo.coderseden.com/repono-html/vendor/flags2/flags/ita.svg]
[demo.coderseden.com/repono-html/vendor/flags2/flags/jam.svg]
[demo.coderseden.com/repono-html/vendor/flags2/flags/jey.svg]
[demo.coderseden.com/repono-html/vendor/flags2/flags/jor.svg]
[demo.coderseden.com/repono-html/vendor/flags2/flags/jpn.svg]
[demo.coderseden.com/repono-html/vendor/flags2/flags/kaz.svg]
[demo.coderseden.com/repono-html/vendor/flags2/flags/ken.svg]
[demo.coderseden.com/repono-html/vendor/flags2/flags/kgz.svg]
[demo.coderseden.com/repono-html/vendor/flags2/flags/khm.svg]
[demo.coderseden.com/repono-html/vendor/flags2/flags/kir.svg]
[demo.coderseden.com/repono-html/vendor/flags2/flags/kna.svg]
[demo.coderseden.com/repono-html/vendor/flags2/flags/kor.svg]
[demo.coderseden.com/repono-html/vendor/flags2/flags/kwt.svg]
[demo.coderseden.com/repono-html/vendor/flags2/flags/lao.svg]
[demo.coderseden.com/repono-html/vendor/flags2/flags/lbn.svg]
[demo.coderseden.com/repono-html/vendor/flags2/flags/lbr.svg]
[demo.coderseden.com/repono-html/vendor/flags2/flags/lby.svg]
[demo.coderseden.com/repono-html/vendor/flags2/flags/lca.svg]
[demo.coderseden.com/repono-html/vendor/flags2/flags/lie.svg]
[demo.coderseden.com/repono-html/vendor/flags2/flags/lka.svg]
[demo.coderseden.com/repono-html/vendor/flags2/flags/lso.svg]
[demo.coderseden.com/repono-html/vendor/flags2/flags/ltu.svg]
[demo.coderseden.com/repono-html/vendor/flags2/flags/lux.svg]
[demo.coderseden.com/repono-html/vendor/flags2/flags/lva.svg]
[demo.coderseden.com/repono-html/vendor/flags2/flags/mac.svg]
[demo.coderseden.com/repono-html/vendor/flags2/flags/maf.svg]
[demo.coderseden.com/repono-html/vendor/flags2/flags/AJAX.svg]
[demo.coderseden.com/repono-html/vendor/flags2/flags/mar.svg]
[demo.coderseden.com/repono-html/vendor/flags2/flags/mco.svg]
[demo.coderseden.com/repono-html/vendor/flags2/flags/mda.svg]
[demo.coderseden.com/repono-html/vendor/flags2/flags/mdg.svg]
[demo.coderseden.com/repono-html/vendor/flags2/flags/mdv.svg]
[demo.coderseden.com/repono-html/vendor/flags2/flags/mex.svg]
[demo.coderseden.com/repono-html/vendor/flags2/flags/mhl.svg]
[demo.coderseden.com/repono-html/vendor/flags2/flags/mkd.svg]
[demo.coderseden.com/repono-html/vendor/flags2/flags/mli.svg]
[demo.coderseden.com/repono-html/vendor/flags2/flags/mlt.svg]
[demo.coderseden.com/repono-html/vendor/flags2/flags/mmr.svg]
[demo.coderseden.com/repono-html/vendor/flags2/flags/mne.svg]
[demo.coderseden.com/repono-html/vendor/flags2/flags/mng.svg]
[demo.coderseden.com/repono-html/vendor/flags2/flags/mnp.svg]
[demo.coderseden.com/repono-html/vendor/flags2/flags/moz.svg]
[demo.coderseden.com/repono-html/vendor/flags2/flags/mrt.svg]
[demo.coderseden.com/repono-html/vendor/flags2/flags/msr.svg]
[demo.coderseden.com/repono-html/vendor/flags2/flags/mtq.svg]
[demo.coderseden.com/repono-html/vendor/flags2/flags/mus.svg]
[demo.coderseden.com/repono-html/vendor/flags2/flags/mwi.svg]
[demo.coderseden.com/repono-html/vendor/flags2/flags/mys.svg]
[demo.coderseden.com/repono-html/vendor/flags2/flags/myt.svg]
[demo.coderseden.com/repono-html/vendor/flags2/flags/nam.svg]
[demo.coderseden.com/repono-html/vendor/flags2/flags/ncl.svg]
[demo.coderseden.com/repono-html/vendor/flags2/flags/ner.svg]
[demo.coderseden.com/repono-html/vendor/flags2/flags/nfk.svg]
[demo.coderseden.com/repono-html/vendor/flags2/flags/nga.svg]
[demo.coderseden.com/repono-html/vendor/flags2/flags/nic.svg]
[demo.coderseden.com/repono-html/vendor/flags2/flags/niu.svg]
[demo.coderseden.com/repono-html/vendor/flags2/flags/nld.svg]
[demo.coderseden.com/repono-html/vendor/flags2/flags/nor.svg]
[demo.coderseden.com/repono-html/vendor/flags2/flags/npl.svg]
[demo.coderseden.com/repono-html/vendor/flags2/flags/nru.svg]
[demo.coderseden.com/repono-html/vendor/flags2/flags/nzl.svg]
[demo.coderseden.com/repono-html/vendor/flags2/flags/omn.svg]
[demo.coderseden.com/repono-html/vendor/flags2/flags/pak.svg]
[demo.coderseden.com/repono-html/vendor/flags2/flags/pan.svg]
[demo.coderseden.com/repono-html/vendor/flags2/flags/Flag_of_the_Governor_of_the_Pitcairn_Islands.svg]
[demo.coderseden.com/repono-html/vendor/flags2/flags/pcn.svg]
[demo.coderseden.com/repono-html/vendor/flags2/flags/per.svg]
[demo.coderseden.com/repono-html/vendor/flags2/flags/phl.svg]
[demo.coderseden.com/repono-html/vendor/flags2/flags/plw.svg]
[demo.coderseden.com/repono-html/vendor/flags2/flags/png.svg]
[demo.coderseden.com/repono-html/vendor/flags2/flags/pol.svg]
[demo.coderseden.com/repono-html/vendor/flags2/flags/pri.svg]
[demo.coderseden.com/repono-html/vendor/flags2/flags/prk.svg]
[demo.coderseden.com/repono-html/vendor/flags2/flags/prt.svg]
[demo.coderseden.com/repono-html/vendor/flags2/flags/pry.svg]
[demo.coderseden.com/repono-html/vendor/flags2/flags/pse.svg]
[demo.coderseden.com/repono-html/vendor/flags2/flags/pyf.svg]
[demo.coderseden.com/repono-html/vendor/flags2/flags/qat.svg]
[demo.coderseden.com/repono-html/vendor/flags2/flags/reu.svg]
[demo.coderseden.com/repono-html/vendor/flags2/flags/rou.svg]
[demo.coderseden.com/repono-html/vendor/flags2/flags/rus.svg]
[demo.coderseden.com/repono-html/vendor/flags2/flags/rwa.svg]
[demo.coderseden.com/repono-html/vendor/flags2/flags/sau.svg]
[demo.coderseden.com/repono-html/vendor/flags2/flags/sdn.svg]
[demo.coderseden.com/repono-html/vendor/flags2/flags/sen.svg]
[demo.coderseden.com/repono-html/vendor/flags2/flags/sgp.svg]
[demo.coderseden.com/repono-html/vendor/flags2/flags/sgs.svg]
[demo.coderseden.com/repono-html/vendor/flags2/flags/shn.svg]
[demo.coderseden.com/repono-html/vendor/flags2/flags/sjm.svg]
[demo.coderseden.com/repono-html/vendor/flags2/flags/slb.svg]
[demo.coderseden.com/repono-html/vendor/flags2/flags/sle.svg]
[demo.coderseden.com/repono-html/vendor/flags2/flags/slv.svg]
[demo.coderseden.com/repono-html/vendor/flags2/flags/smr.svg]
[demo.coderseden.com/repono-html/vendor/flags2/flags/som.svg]
[demo.coderseden.com/repono-html/vendor/flags2/flags/spm.svg]
[demo.coderseden.com/repono-html/vendor/flags2/flags/srb.svg]
[demo.coderseden.com/repono-html/vendor/flags2/flags/ssd.svg]
[demo.coderseden.com/repono-html/vendor/flags2/flags/stp.svg]
[demo.coderseden.com/repono-html/vendor/flags2/flags/sur.svg]
[demo.coderseden.com/repono-html/vendor/flags2/flags/svk.svg]
[demo.coderseden.com/repono-html/vendor/flags2/flags/svn.svg]
[demo.coderseden.com/repono-html/vendor/flags2/flags/swe.svg]
[demo.coderseden.com/repono-html/vendor/flags2/flags/swz.svg]
[demo.coderseden.com/repono-html/vendor/flags2/flags/sint-marteen.svg]
[demo.coderseden.com/repono-html/vendor/flags2/flags/sxm.svg]
[demo.coderseden.com/repono-html/vendor/flags2/flags/syc.svg]
[demo.coderseden.com/repono-html/vendor/flags2/flags/syr.svg]
[demo.coderseden.com/repono-html/vendor/flags2/flags/tca.svg]
[demo.coderseden.com/repono-html/vendor/flags2/flags/tcd.svg]
[demo.coderseden.com/repono-html/vendor/flags2/flags/tgo.svg]
[demo.coderseden.com/repono-html/vendor/flags2/flags/tha.svg]
[demo.coderseden.com/repono-html/vendor/flags2/flags/tjk.svg]
[demo.coderseden.com/repono-html/vendor/flags2/flags/tkl.svg]
[demo.coderseden.com/repono-html/vendor/flags2/flags/tkm.svg]
[demo.coderseden.com/repono-html/vendor/flags2/flags/tls.svg]
[demo.coderseden.com/repono-html/vendor/flags2/flags/ton.svg]
[demo.coderseden.com/repono-html/vendor/flags2/flags/tto.svg]
[demo.coderseden.com/repono-html/vendor/flags2/flags/tun.svg]
[demo.coderseden.com/repono-html/vendor/flags2/flags/tur.svg]
[demo.coderseden.com/repono-html/vendor/flags2/flags/tuv.svg]
[demo.coderseden.com/repono-html/vendor/flags2/flags/twn.svg]
[demo.coderseden.com/repono-html/vendor/flags2/flags/tza.svg]
[demo.coderseden.com/repono-html/vendor/flags2/flags/uga.svg]
[demo.coderseden.com/repono-html/vendor/flags2/flags/ukr.svg]
[demo.coderseden.com/repono-html/vendor/flags2/flags/umi.svg]
[demo.coderseden.com/repono-html/vendor/flags2/flags/ury.svg]
[demo.coderseden.com/repono-html/vendor/flags2/flags/usa.svg]
[demo.coderseden.com/repono-html/vendor/flags2/flags/uzb.svg]
[demo.coderseden.com/repono-html/vendor/flags2/flags/vat.svg]
[demo.coderseden.com/repono-html/vendor/flags2/flags/vct.svg]
[demo.coderseden.com/repono-html/vendor/flags2/flags/ven.svg]
[demo.coderseden.com/repono-html/vendor/flags2/flags/vgb.svg]
[demo.coderseden.com/repono-html/vendor/flags2/flags/vir.svg]
[demo.coderseden.com/repono-html/vendor/flags2/flags/vnm.svg]
[demo.coderseden.com/repono-html/vendor/flags2/flags/vut.svg]
[demo.coderseden.com/repono-html/vendor/flags2/flags/wlf.svg]
[demo.coderseden.com/repono-html/vendor/flags2/flags/wsm.svg]
[demo.coderseden.com/repono-html/vendor/flags2/flags/yem.svg]
[demo.coderseden.com/repono-html/vendor/flags2/flags/zaf.svg]
[demo.coderseden.com/repono-html/vendor/flags2/flags/zmb.svg]
[demo.coderseden.com/repono-html/vendor/flags2/flags/zwe.svg]
[demo.coderseden.com/repono-html/vendor/flags2/flags/eng.svg]
[demo.coderseden.com/repono-html/vendor/flags2/flags/eur.svg]
[demo.coderseden.com/repono-html/vendor/flags2/flags/kos.svg]
[demo.coderseden.com/repono-html/vendor/flags2/flags/Flag_of_Northern_Ireland_creased_hand.svg]
[demo.coderseden.com/repono-html/vendor/flags2/flags/nir.svg]
[demo.coderseden.com/repono-html/vendor/flags2/flags/tpe.svg]
[demo.coderseden.com/repono-html/vendor/flags2/flags/sco.svg]
[demo.coderseden.com/repono-html/vendor/flags2/flags/wal.svg]
[demo.coderseden.com/repono-html/fonts/glyphicons-halflings-regular.svg]
[demo.coderseden.com/repono-html/css/style2.css]
[demo.coderseden.com/repono-html/vendor/img/loading.gif]
[demo.coderseden.com/repono-html/vendor/img/loading-sm.gif]
[demo.coderseden.com/repono-html/vendor/fileinput/fileinput.css]
[developers.google.com/maps/documentation/javascript/examples/markerclusterer/markerclusterer.js]
[demo.coderseden.com/repono-html/vendor/flags2/flags/ZZ.html]
[demo.coderseden.com/repono-html/vendor/flags2/flags/AJAX1.html]
[demo.coderseden.com/repono-html/vendor/flags2/flags/AJAX.html]
[demo.coderseden.com/repono-html/vendor/flags2/flags/Flag_of_the_Governor_of_the_Pitcairn_Islands.html]
[demo.coderseden.com/repono-html/vendor/flags2/flags/sint-marteen.html]
[demo.coderseden.com/repono-html/vendor/flags2/flags/Flag_of_Northern_Ireland_creased_hand.html]
[demo.coderseden.com/repono-html/vendor/img/loading.html]
[demo.coderseden.com/repono-html/vendor/img/loading-sm.html]
